#
# There is insufficient memory for the Java Runtime Environment to continue.
# Native memory allocation (malloc) failed to allocate 1048576 bytes. Error detail: AllocateHeap
# Possible reasons:
#   The system is out of physical RAM or swap space
#   This process is running with CompressedOops enabled, and the Java Heap may be blocking the growth of the native heap
# Possible solutions:
#   Reduce memory load on the system
#   Increase physical memory or swap space
#   Check if swap backing store is full
#   Decrease Java heap size (-Xmx/-Xms)
#   Decrease number of Java threads
#   Decrease Java thread stack sizes (-Xss)
#   Set larger code cache with -XX:ReservedCodeCacheSize=
#   JVM is running with Unscaled Compressed Oops mode in which the Java heap is
#     placed in the first 4GB address space. The Java Heap base address is the
#     maximum limit for the native heap growth. Please use -XX:HeapBaseMinAddress
#     to set the Java Heap base and to place the Java Heap above 4GB virtual address.
# This output file may be truncated or incomplete.
#
#  Out of Memory Error (allocation.cpp:44), pid=2820, tid=13292
#
# JRE version: OpenJDK Runtime Environment Temurin-21.0.10+7 (21.0.10+7) (build 21.0.10+7-LTS)
# Java VM: OpenJDK 64-Bit Server VM Temurin-21.0.10+7 (21.0.10+7-LTS, mixed mode, sharing, tiered, compressed oops, compressed class ptrs, parallel gc, windows-amd64)
# No core dump will be written. Minidumps are not enabled by default on client versions of Windows
#

---------------  S U M M A R Y ------------

Command Line: --add-modules=ALL-SYSTEM --add-opens=java.base/java.util=ALL-UNNAMED --add-opens=java.base/java.lang=ALL-UNNAMED --add-opens=java.base/sun.nio.fs=ALL-UNNAMED -Declipse.application=org.eclipse.jdt.ls.core.id1 -Dosgi.bundles.defaultStartLevel=4 -Declipse.product=org.eclipse.jdt.ls.core.product -Djava.import.generatesMetadataFilesAtProjectRoot=false -DDetectVMInstallationsJob.disabled=true -Dfile.encoding=utf8 -XX:+UseParallelGC -XX:GCTimeRatio=4 -XX:AdaptiveSizePolicyWeight=90 -Dsun.zip.disableMemoryMapping=true -Xmx2G -Xms100m -Xlog:disable -javaagent:c:\Users\manuc\.vscode\extensions\redhat.java-1.55.2026051309-win32-x64\lombok\lombok-1.18.39-4050.jar -XX:+HeapDumpOnOutOfMemoryError -XX:HeapDumpPath=c:\Users\manuc\AppData\Roaming\Code\User\workspaceStorage\3a3657c987979b7bad7eb2c2632ac78d\redhat.java -Daether.dependencyCollector.impl=bf -XX:+UnlockDiagnosticVMOptions -XX:+AllowArchivingWithJavaAgent -XX:+AutoCreateSharedArchive -XX:SharedArchiveFile=c:\Users\manuc\AppData\Roaming\Code\User\globalStorage\redhat.java\1.55.2026051309\jdtls.jsa c:\Users\manuc\.vscode\extensions\redhat.java-1.55.2026051309-win32-x64\server\plugins\org.eclipse.equinox.launcher_1.7.100.v20251111-0406.jar -configuration c:\Users\manuc\AppData\Roaming\Code\User\globalStorage\redhat.java\1.55.2026051309\config_win -data c:\Users\manuc\AppData\Roaming\Code\User\workspaceStorage\3a3657c987979b7bad7eb2c2632ac78d\redhat.java\jdt_ws --pipe=\\.\pipe\lsp-440f7708612985a1eb6c1f88f7959d37-sock

Host: 12th Gen Intel(R) Core(TM) i5-12450H, 12 cores, 7G,  Windows 11 , 64 bit Build 26100 (10.0.26100.8328)
Time: Wed May 20 21:06:32 2026 Hora est. Pacífico, Sudamérica elapsed time: 1952.949836 seconds (0d 0h 32m 32s)

---------------  T H R E A D  ---------------

Current thread (0x000002515da88ed0):  JavaThread "Attach Listener" daemon [_thread_in_vm, id=13292, stack(0x0000009c4f100000,0x0000009c4f200000) (1024K)]

Stack: [0x0000009c4f100000,0x0000009c4f200000]
Native frames: (J=compiled Java code, j=interpreted, Vv=VM code, C=native code)
V  [jvm.dll+0x6d7a39]
V  [jvm.dll+0x8b4b26]
V  [jvm.dll+0x8b70de]
V  [jvm.dll+0x8b77c3]
V  [jvm.dll+0x284346]
V  [jvm.dll+0xc1277]
V  [jvm.dll+0x6d82e9]
V  [jvm.dll+0x1334a6]
V  [jvm.dll+0x3f857e]
V  [jvm.dll+0x85f59d]
V  [jvm.dll+0x6d626d]
C  [ucrtbase.dll+0x37b0]
C  [KERNEL32.DLL+0x2e957]
C  [ntdll.dll+0x427c]


---------------  P R O C E S S  ---------------

Threads class SMR info:
_java_thread_list=0x000002517c7ba690, length=39, elements={
0x000002515b5cc410, 0x000002515da85400, 0x000002517448cfd0, 0x000002515da86700,
0x000002515da88ed0, 0x000002515da8e360, 0x000002515da94b20, 0x000002515da9d800,
0x000002515da9e350, 0x0000025175824d70, 0x0000025175934ce0, 0x000002517b10cb30,
0x000002517584f270, 0x000002517584f900, 0x0000025175850620, 0x000002517584ff90,
0x000002517b6d64a0, 0x000002517b6d43d0, 0x000002517b6d7ee0, 0x000002517b6d4a60,
0x000002517b6d3d40, 0x000002517b6d8570, 0x000002517b6d8c00, 0x000002517b6d6b30,
0x000002517b6d5780, 0x000002517b6d9290, 0x000002517b6d5e10, 0x000002517b6d9920,
0x000002517b6d9fb0, 0x000002517b6da640, 0x000002517b6dacd0, 0x000002517b6db360,
0x000002517cfe0560, 0x000002517cfe3350, 0x000002517cfe39e0, 0x000002517cfe0bf0,
0x000002517cfe1fa0, 0x000002517cfe4700, 0x000002517cfe74f0
}

Java Threads: ( => current thread )
  0x000002515b5cc410 JavaThread "main"                              [_thread_blocked, id=30148, stack(0x0000009c4ea00000,0x0000009c4eb00000) (1024K)]
  0x000002515da85400 JavaThread "Reference Handler"          daemon [_thread_blocked, id=32424, stack(0x0000009c4ee00000,0x0000009c4ef00000) (1024K)]
  0x000002517448cfd0 JavaThread "Finalizer"                  daemon [_thread_blocked, id=13532, stack(0x0000009c4ef00000,0x0000009c4f000000) (1024K)]
  0x000002515da86700 JavaThread "Signal Dispatcher"          daemon [_thread_blocked, id=24340, stack(0x0000009c4f000000,0x0000009c4f100000) (1024K)]
=>0x000002515da88ed0 JavaThread "Attach Listener"            daemon [_thread_in_vm, id=13292, stack(0x0000009c4f100000,0x0000009c4f200000) (1024K)]
  0x000002515da8e360 JavaThread "Service Thread"             daemon [_thread_blocked, id=5400, stack(0x0000009c4f200000,0x0000009c4f300000) (1024K)]
  0x000002515da94b20 JavaThread "Monitor Deflation Thread"   daemon [_thread_blocked, id=33416, stack(0x0000009c4f300000,0x0000009c4f400000) (1024K)]
  0x000002515da9d800 JavaThread "C2 CompilerThread0"         daemon [_thread_blocked, id=16076, stack(0x0000009c4f400000,0x0000009c4f500000) (1024K)]
  0x000002515da9e350 JavaThread "C1 CompilerThread0"         daemon [_thread_blocked, id=22540, stack(0x0000009c4f500000,0x0000009c4f600000) (1024K)]
  0x0000025175824d70 JavaThread "Common-Cleaner"             daemon [_thread_blocked, id=16404, stack(0x0000009c4f700000,0x0000009c4f800000) (1024K)]
  0x0000025175934ce0 JavaThread "Notification Thread"        daemon [_thread_blocked, id=13460, stack(0x0000009c4f800000,0x0000009c4f900000) (1024K)]
  0x000002517b10cb30 JavaThread "Active Thread: Equinox Container: 04b6c8a7-c9ce-4b9d-b978-54cd6a8098ef"        [_thread_blocked, id=18600, stack(0x0000009c50500000,0x0000009c50600000) (1024K)]
  0x000002517584f270 JavaThread "Framework Event Dispatcher: Equinox Container: 04b6c8a7-c9ce-4b9d-b978-54cd6a8098ef" daemon [_thread_blocked, id=22296, stack(0x0000009c4f600000,0x0000009c4f700000) (1024K)]
  0x000002517584f900 JavaThread "Start Level: Equinox Container: 04b6c8a7-c9ce-4b9d-b978-54cd6a8098ef" daemon [_thread_blocked, id=21432, stack(0x0000009c50600000,0x0000009c50700000) (1024K)]
  0x0000025175850620 JavaThread "Bundle File Closer"         daemon [_thread_blocked, id=13956, stack(0x0000009c50a00000,0x0000009c50b00000) (1024K)]
  0x000002517584ff90 JavaThread "Refresh Thread: Equinox Container: 04b6c8a7-c9ce-4b9d-b978-54cd6a8098ef" daemon [_thread_blocked, id=18704, stack(0x0000009c50b00000,0x0000009c50c00000) (1024K)]
  0x000002517b6d64a0 JavaThread "SCR Component Actor"        daemon [_thread_blocked, id=3520, stack(0x0000009c50900000,0x0000009c50a00000) (1024K)]
  0x000002517b6d43d0 JavaThread "Worker-JM"                         [_thread_blocked, id=26944, stack(0x0000009c51500000,0x0000009c51600000) (1024K)]
  0x000002517b6d7ee0 JavaThread "Worker-0"                          [_thread_blocked, id=5380, stack(0x0000009c50800000,0x0000009c50900000) (1024K)]
  0x000002517b6d4a60 JavaThread "Java indexing"              daemon [_thread_blocked, id=10448, stack(0x0000009c4f900000,0x0000009c4fa00000) (1024K)]
  0x000002517b6d3d40 JavaThread "JNA Cleaner"                daemon [_thread_blocked, id=16316, stack(0x0000009c50100000,0x0000009c50200000) (1024K)]
  0x000002517b6d8570 JavaThread "Thread-1"                   daemon [_thread_in_native, id=10960, stack(0x0000009c50d00000,0x0000009c50e00000) (1024K)]
  0x000002517b6d8c00 JavaThread "Thread-2"                   daemon [_thread_in_native, id=13544, stack(0x0000009c50e00000,0x0000009c50f00000) (1024K)]
  0x000002517b6d6b30 JavaThread "Thread-3"                   daemon [_thread_in_native, id=11544, stack(0x0000009c50f00000,0x0000009c51000000) (1024K)]
  0x000002517b6d5780 JavaThread "Thread-4"                   daemon [_thread_in_native, id=30012, stack(0x0000009c51000000,0x0000009c51100000) (1024K)]
  0x000002517b6d9290 JavaThread "Thread-5"                   daemon [_thread_in_native, id=28284, stack(0x0000009c51100000,0x0000009c51200000) (1024K)]
  0x000002517b6d5e10 JavaThread "Thread-6"                   daemon [_thread_in_native, id=16764, stack(0x0000009c51700000,0x0000009c51800000) (1024K)]
  0x000002517b6d9920 JavaThread "Thread-7"                   daemon [_thread_in_native, id=6004, stack(0x0000009c51800000,0x0000009c51900000) (1024K)]
  0x000002517b6d9fb0 JavaThread "Thread-8"                   daemon [_thread_in_native, id=29080, stack(0x0000009c51900000,0x0000009c51a00000) (1024K)]
  0x000002517b6da640 JavaThread "Thread-9"                   daemon [_thread_in_native, id=13884, stack(0x0000009c51a00000,0x0000009c51b00000) (1024K)]
  0x000002517b6dacd0 JavaThread "Thread-10"                  daemon [_thread_in_native, id=15156, stack(0x0000009c51b00000,0x0000009c51c00000) (1024K)]
  0x000002517b6db360 JavaThread "Thread-11"                  daemon [_thread_in_native, id=20264, stack(0x0000009c51c00000,0x0000009c51d00000) (1024K)]
  0x000002517cfe0560 JavaThread "Thread-12"                  daemon [_thread_in_native, id=32928, stack(0x0000009c51d00000,0x0000009c51e00000) (1024K)]
  0x000002517cfe3350 JavaThread "Thread-13"                  daemon [_thread_in_native, id=10300, stack(0x0000009c51e00000,0x0000009c51f00000) (1024K)]
  0x000002517cfe39e0 JavaThread "pool-2-thread-1"                   [_thread_blocked, id=25556, stack(0x0000009c52000000,0x0000009c52100000) (1024K)]
  0x000002517cfe0bf0 JavaThread "Worker-5"                          [_thread_blocked, id=32988, stack(0x0000009c52100000,0x0000009c52200000) (1024K)]
  0x000002517cfe1fa0 JavaThread "WorkspaceEventsHandler"            [_thread_blocked, id=15672, stack(0x0000009c52300000,0x0000009c52400000) (1024K)]
  0x000002517cfe4700 JavaThread "pool-1-thread-1"                   [_thread_blocked, id=1336, stack(0x0000009c52400000,0x0000009c52500000) (1024K)]
  0x000002517cfe74f0 JavaThread "Cleaner-0"                  daemon [_thread_blocked, id=31328, stack(0x0000009c53700000,0x0000009c53800000) (1024K)]
Total: 39

Other Threads:
  0x00000251755d2640 VMThread "VM Thread"                           [id=25804, stack(0x0000009c4ed00000,0x0000009c4ee00000) (1024K)]
  0x000002517436ca00 WatcherThread "VM Periodic Task Thread"        [id=21392, stack(0x0000009c4ec00000,0x0000009c4ed00000) (1024K)]
  0x000002515da03530 WorkerThread "GC Thread#0"                     [id=31148, stack(0x0000009c4eb00000,0x0000009c4ec00000) (1024K)]
  0x00000251768e4370 WorkerThread "GC Thread#1"                     [id=16060, stack(0x0000009c4fa00000,0x0000009c4fb00000) (1024K)]
  0x0000025176bb7850 WorkerThread "GC Thread#2"                     [id=20476, stack(0x0000009c4fb00000,0x0000009c4fc00000) (1024K)]
  0x0000025176daf110 WorkerThread "GC Thread#3"                     [id=7744, stack(0x0000009c4fc00000,0x0000009c4fd00000) (1024K)]
  0x0000025176daf4c0 WorkerThread "GC Thread#4"                     [id=7240, stack(0x0000009c4fd00000,0x0000009c4fe00000) (1024K)]
  0x0000025176daf870 WorkerThread "GC Thread#5"                     [id=13608, stack(0x0000009c4fe00000,0x0000009c4ff00000) (1024K)]
  0x0000025175972a30 WorkerThread "GC Thread#6"                     [id=29948, stack(0x0000009c4ff00000,0x0000009c50000000) (1024K)]
  0x000002517b0a4af0 WorkerThread "GC Thread#7"                     [id=16332, stack(0x0000009c50700000,0x0000009c50800000) (1024K)]
  0x000002517c725c20 WorkerThread "GC Thread#8"                     [id=33688, stack(0x0000009c51200000,0x0000009c51300000) (1024K)]
  0x000002517b588490 WorkerThread "GC Thread#9"                     [id=24132, stack(0x0000009c51300000,0x0000009c51400000) (1024K)]
Total: 12

Threads with active compile tasks:
Total: 0

VM state: not at safepoint (normal execution)

VM Mutex/Monitor currently owned by a thread: None

Heap address: 0x0000000080000000, size: 2048 MB, Compressed Oops mode: 32-bit

CDS archive(s) mapped at: [0x0000025100000000-0x0000025100ba0000-0x0000025100ba0000), size 12189696, SharedBaseAddress: 0x0000025100000000, ArchiveRelocationMode: 1.
Compressed class space mapped at: 0x0000025101000000-0x0000025141000000, reserved size: 1073741824
Narrow klass base: 0x0000025100000000, Narrow klass shift: 0, Narrow klass range: 0x100000000

GC Precious Log:
 CardTable entry size: 512
 CPUs: 12 total, 12 available
 Memory: 7917M
 Large Page Support: Disabled
 NUMA Support: Disabled
 Compressed Oops: Enabled (32-bit)
 Alignments: Space 512K, Generation 512K, Heap 2M
 Heap Min Capacity: 100M
 Heap Initial Capacity: 100M
 Heap Max Capacity: 2G
 Pre-touch: Disabled
 Parallel Workers: 10

Heap:
 PSYoungGen      total 3584K, used 2774K [0x00000000d5580000, 0x00000000d5a80000, 0x0000000100000000)
  eden space 3072K, 83% used [0x00000000d5580000,0x00000000d57fd990,0x00000000d5880000)
  from space 512K, 43% used [0x00000000d5980000,0x00000000d59b8000,0x00000000d5a00000)
  to   space 512K, 0% used [0x00000000d5a00000,0x00000000d5a00000,0x00000000d5a80000)
 ParOldGen       total 539648K, used 244060K [0x0000000080000000, 0x00000000a0f00000, 0x00000000d5580000)
  object space 539648K, 45% used [0x0000000080000000,0x000000008ee57278,0x00000000a0f00000)
 Metaspace       used 97363K, committed 99136K, reserved 1179648K
  class space    used 9516K, committed 10304K, reserved 1048576K

Card table byte_map: [0x000002515d3b0000,0x000002515d7c0000] _byte_map_base: 0x000002515cfb0000

Marking Bits: (ParMarkBitMap*) 0x00007ffa2ed83450
 Begin Bits: [0x000002516fe90000, 0x0000025171e90000)
 End Bits:   [0x0000025171e90000, 0x0000025173e90000)

Polling page: 0x000002515d1a0000

Metaspace:

Usage:
  Non-class:     85.79 MB used.
      Class:      9.29 MB used.
       Both:     95.08 MB used.

Virtual space:
  Non-class space:      128.00 MB reserved,      86.75 MB ( 68%) committed,  2 nodes.
      Class space:        1.00 GB reserved,      10.06 MB ( <1%) committed,  1 nodes.
             Both:        1.12 GB reserved,      96.81 MB (  8%) committed. 

Chunk freelists:
   Non-Class:  9.29 MB
       Class:  5.92 MB
        Both:  15.22 MB

MaxMetaspaceSize: unlimited
CompressedClassSpaceSize: 1.00 GB
Initial GC threshold: 21.00 MB
Current GC threshold: 158.69 MB
CDS: on
 - commit_granule_bytes: 65536.
 - commit_granule_words: 8192.
 - virtual_space_node_default_size: 8388608.
 - enlarge_chunks_in_place: 1.
 - use_allocation_guard: 0.


Internal statistics:

num_allocs_failed_limit: 9.
num_arena_births: 1508.
num_arena_deaths: 66.
num_vsnodes_births: 3.
num_vsnodes_deaths: 0.
num_space_committed: 1549.
num_space_uncommitted: 0.
num_chunks_returned_to_freelist: 93.
num_chunks_taken_from_freelist: 5893.
num_chunk_merges: 17.
num_chunk_splits: 3652.
num_chunks_enlarged: 2185.
num_inconsistent_stats: 0.

CodeHeap 'non-profiled nmethods': size=120000Kb used=13077Kb max_used=13097Kb free=106922Kb
 bounds [0x00000251686b0000, 0x0000025169390000, 0x000002516fbe0000]
CodeHeap 'profiled nmethods': size=120000Kb used=34599Kb max_used=34599Kb free=85400Kb
 bounds [0x0000025160be0000, 0x0000025162db0000, 0x0000025168110000]
CodeHeap 'non-nmethods': size=5760Kb used=1520Kb max_used=1586Kb free=4239Kb
 bounds [0x0000025168110000, 0x0000025168380000, 0x00000251686b0000]
CodeCache: size=245760Kb, used=49196Kb, max_used=49282Kb, free=196561Kb
 total_blobs=15874, nmethods=15030, adapters=747, full_count=0
Compilation: enabled, stopped_count=0, restarted_count=0

Compilation events (20 events):
Event: 1431.205 Thread 0x000002515da9e350 16473       3       java.util.concurrent.ScheduledThreadPoolExecutor$DelayedWorkQueue::add (9 bytes)
Event: 1431.208 Thread 0x000002515da9e350 nmethod 16473 0x000002516154f390 code [0x000002516154f560, 0x000002516154f838]
Event: 1441.206 Thread 0x000002515da9e350 16474       3       java.util.concurrent.ScheduledThreadPoolExecutor$ScheduledFutureTask::run (57 bytes)
Event: 1441.210 Thread 0x000002515da9e350 nmethod 16474 0x000002516154ea10 code [0x000002516154ec40, 0x000002516154f1b0]
Event: 1471.220 Thread 0x000002515da9e350 16475       3       java.util.concurrent.ScheduledThreadPoolExecutor::triggerTime (22 bytes)
Event: 1471.220 Thread 0x000002515da9e350 nmethod 16475 0x0000025160ce4110 code [0x0000025160ce42c0, 0x0000025160ce44a0]
Event: 1621.314 Thread 0x000002515da9d800 16476       4       java.util.concurrent.locks.LockSupport::setBlocker (12 bytes)
Event: 1621.317 Thread 0x000002515da9d800 nmethod 16476 0x0000025168990d90 code [0x0000025168990f00, 0x0000025168990f88]
Event: 1708.590 Thread 0x000002515da9e350 16477       1       com.sun.jna.internal.Cleaner::access$100 (5 bytes)
Event: 1708.596 Thread 0x000002515da9e350 nmethod 16477 0x0000025168990a90 code [0x0000025168990c20, 0x0000025168990cd0]
Event: 1925.673 Thread 0x000002515da9e350 16478       3       jdk.internal.reflect.MethodHandleAccessorFactory::specializedMethodTypeForConstructor (66 bytes)
Event: 1925.686 Thread 0x000002515da9e350 nmethod 16478 0x000002516154e190 code [0x000002516154e3c0, 0x000002516154e890]
Event: 1925.769 Thread 0x000002515da9e350 16479       3       java.lang.invoke.MethodTypeForm::hasPrimitives (13 bytes)
Event: 1925.770 Thread 0x000002515da9e350 nmethod 16479 0x000002516154de10 code [0x000002516154dfa0, 0x000002516154e100]
Event: 1925.785 Thread 0x000002515da9e350 16480       3       org.eclipse.lsp4j.jsonrpc.json.StreamMessageProducer$Headers::<init> (20 bytes)
Event: 1925.800 Thread 0x000002515da9e350 nmethod 16480 0x000002516154d990 code [0x000002516154db40, 0x000002516154dcf8]
Event: 1929.183 Thread 0x000002515da9e350 16481   !   3       org.eclipse.lsp4j.jsonrpc.json.StreamMessageProducer::parseHeader (180 bytes)
Event: 1929.217 Thread 0x000002515da9e350 nmethod 16481 0x000002516154bf10 code [0x000002516154c260, 0x000002516154d2a8]
Event: 1929.218 Thread 0x000002515da9e350 16482   !   3       org.eclipse.lsp4j.jsonrpc.json.StreamMessageProducer::handleMessage (137 bytes)
Event: 1929.279 Thread 0x000002515da9e350 nmethod 16482 0x0000025161549810 code [0x0000025161549ba0, 0x000002516154b240]

GC Heap History (20 events):
Event: 113.158 GC heap before
{Heap before GC invocations=684 (full 4):
 PSYoungGen      total 4096K, used 4076K [0x00000000d5580000, 0x00000000d5d80000, 0x0000000100000000)
  eden space 3072K, 100% used [0x00000000d5580000,0x00000000d5880000,0x00000000d5880000)
  from space 1024K, 98% used [0x00000000d5880000,0x00000000d597b090,0x00000000d5980000)
  to   space 2560K, 0% used [0x00000000d5b00000,0x00000000d5b00000,0x00000000d5d80000)
 ParOldGen       total 539648K, used 236993K [0x0000000080000000, 0x00000000a0f00000, 0x00000000d5580000)
  object space 539648K, 43% used [0x0000000080000000,0x000000008e770670,0x00000000a0f00000)
 Metaspace       used 96152K, committed 97856K, reserved 1179648K
  class space    used 9363K, committed 10112K, reserved 1048576K
}
Event: 113.161 GC heap after
{Heap after GC invocations=684 (full 4):
 PSYoungGen      total 4096K, used 2560K [0x00000000d5580000, 0x00000000d6180000, 0x0000000100000000)
  eden space 1536K, 0% used [0x00000000d5580000,0x00000000d5580000,0x00000000d5700000)
  from space 2560K, 100% used [0x00000000d5b00000,0x00000000d5d80000,0x00000000d5d80000)
  to   space 4096K, 0% used [0x00000000d5700000,0x00000000d5700000,0x00000000d5b00000)
 ParOldGen       total 539648K, used 238021K [0x0000000080000000, 0x00000000a0f00000, 0x00000000d5580000)
  object space 539648K, 44% used [0x0000000080000000,0x000000008e871700,0x00000000a0f00000)
 Metaspace       used 96152K, committed 97856K, reserved 1179648K
  class space    used 9363K, committed 10112K, reserved 1048576K
}
Event: 113.164 GC heap before
{Heap before GC invocations=685 (full 4):
 PSYoungGen      total 4096K, used 4096K [0x00000000d5580000, 0x00000000d6180000, 0x0000000100000000)
  eden space 1536K, 100% used [0x00000000d5580000,0x00000000d5700000,0x00000000d5700000)
  from space 2560K, 100% used [0x00000000d5b00000,0x00000000d5d80000,0x00000000d5d80000)
  to   space 4096K, 0% used [0x00000000d5700000,0x00000000d5700000,0x00000000d5b00000)
 ParOldGen       total 539648K, used 238021K [0x0000000080000000, 0x00000000a0f00000, 0x00000000d5580000)
  object space 539648K, 44% used [0x0000000080000000,0x000000008e871700,0x00000000a0f00000)
 Metaspace       used 96152K, committed 97856K, reserved 1179648K
  class space    used 9363K, committed 10112K, reserved 1048576K
}
Event: 113.168 GC heap after
{Heap after GC invocations=685 (full 4):
 PSYoungGen      total 2560K, used 544K [0x00000000d5580000, 0x00000000d5b80000, 0x0000000100000000)
  eden space 1536K, 0% used [0x00000000d5580000,0x00000000d5580000,0x00000000d5700000)
  from space 1024K, 53% used [0x00000000d5700000,0x00000000d5788000,0x00000000d5800000)
  to   space 2048K, 0% used [0x00000000d5980000,0x00000000d5980000,0x00000000d5b80000)
 ParOldGen       total 539648K, used 240525K [0x0000000080000000, 0x00000000a0f00000, 0x00000000d5580000)
  object space 539648K, 44% used [0x0000000080000000,0x000000008eae3700,0x00000000a0f00000)
 Metaspace       used 96152K, committed 97856K, reserved 1179648K
  class space    used 9363K, committed 10112K, reserved 1048576K
}
Event: 113.171 GC heap before
{Heap before GC invocations=686 (full 4):
 PSYoungGen      total 2560K, used 2080K [0x00000000d5580000, 0x00000000d5b80000, 0x0000000100000000)
  eden space 1536K, 100% used [0x00000000d5580000,0x00000000d5700000,0x00000000d5700000)
  from space 1024K, 53% used [0x00000000d5700000,0x00000000d5788000,0x00000000d5800000)
  to   space 2048K, 0% used [0x00000000d5980000,0x00000000d5980000,0x00000000d5b80000)
 ParOldGen       total 539648K, used 240525K [0x0000000080000000, 0x00000000a0f00000, 0x00000000d5580000)
  object space 539648K, 44% used [0x0000000080000000,0x000000008eae3700,0x00000000a0f00000)
 Metaspace       used 96154K, committed 97856K, reserved 1179648K
  class space    used 9363K, committed 10112K, reserved 1048576K
}
Event: 113.174 GC heap after
{Heap after GC invocations=686 (full 4):
 PSYoungGen      total 3072K, used 640K [0x00000000d5580000, 0x00000000d5a80000, 0x0000000100000000)
  eden space 2048K, 0% used [0x00000000d5580000,0x00000000d5580000,0x00000000d5780000)
  from space 1024K, 62% used [0x00000000d5980000,0x00000000d5a20000,0x00000000d5a80000)
  to   space 1024K, 0% used [0x00000000d5880000,0x00000000d5880000,0x00000000d5980000)
 ParOldGen       total 539648K, used 241037K [0x0000000080000000, 0x00000000a0f00000, 0x00000000d5580000)
  object space 539648K, 44% used [0x0000000080000000,0x000000008eb63700,0x00000000a0f00000)
 Metaspace       used 96154K, committed 97856K, reserved 1179648K
  class space    used 9363K, committed 10112K, reserved 1048576K
}
Event: 113.721 GC heap before
{Heap before GC invocations=687 (full 4):
 PSYoungGen      total 3072K, used 2688K [0x00000000d5580000, 0x00000000d5a80000, 0x0000000100000000)
  eden space 2048K, 100% used [0x00000000d5580000,0x00000000d5780000,0x00000000d5780000)
  from space 1024K, 62% used [0x00000000d5980000,0x00000000d5a20000,0x00000000d5a80000)
  to   space 1024K, 0% used [0x00000000d5880000,0x00000000d5880000,0x00000000d5980000)
 ParOldGen       total 539648K, used 241037K [0x0000000080000000, 0x00000000a0f00000, 0x00000000d5580000)
  object space 539648K, 44% used [0x0000000080000000,0x000000008eb63700,0x00000000a0f00000)
 Metaspace       used 96157K, committed 97856K, reserved 1179648K
  class space    used 9363K, committed 10112K, reserved 1048576K
}
Event: 113.723 GC heap after
{Heap after GC invocations=687 (full 4):
 PSYoungGen      total 3584K, used 736K [0x00000000d5580000, 0x00000000d5a00000, 0x0000000100000000)
  eden space 2560K, 0% used [0x00000000d5580000,0x00000000d5580000,0x00000000d5800000)
  from space 1024K, 71% used [0x00000000d5880000,0x00000000d5938000,0x00000000d5980000)
  to   space 512K, 0% used [0x00000000d5980000,0x00000000d5980000,0x00000000d5a00000)
 ParOldGen       total 539648K, used 241549K [0x0000000080000000, 0x00000000a0f00000, 0x00000000d5580000)
  object space 539648K, 44% used [0x0000000080000000,0x000000008ebe3700,0x00000000a0f00000)
 Metaspace       used 96157K, committed 97856K, reserved 1179648K
  class space    used 9363K, committed 10112K, reserved 1048576K
}
Event: 113.758 GC heap before
{Heap before GC invocations=688 (full 4):
 PSYoungGen      total 3584K, used 3296K [0x00000000d5580000, 0x00000000d5a00000, 0x0000000100000000)
  eden space 2560K, 100% used [0x00000000d5580000,0x00000000d5800000,0x00000000d5800000)
  from space 1024K, 71% used [0x00000000d5880000,0x00000000d5938000,0x00000000d5980000)
  to   space 512K, 0% used [0x00000000d5980000,0x00000000d5980000,0x00000000d5a00000)
 ParOldGen       total 539648K, used 241549K [0x0000000080000000, 0x00000000a0f00000, 0x00000000d5580000)
  object space 539648K, 44% used [0x0000000080000000,0x000000008ebe3700,0x00000000a0f00000)
 Metaspace       used 96455K, committed 98176K, reserved 1179648K
  class space    used 9390K, committed 10176K, reserved 1048576K
}
Event: 113.759 GC heap after
{Heap after GC invocations=688 (full 4):
 PSYoungGen      total 3584K, used 288K [0x00000000d5580000, 0x00000000d5a00000, 0x0000000100000000)
  eden space 3072K, 0% used [0x00000000d5580000,0x00000000d5580000,0x00000000d5880000)
  from space 512K, 56% used [0x00000000d5980000,0x00000000d59c8000,0x00000000d5a00000)
  to   space 512K, 0% used [0x00000000d5900000,0x00000000d5900000,0x00000000d5980000)
 ParOldGen       total 539648K, used 241837K [0x0000000080000000, 0x00000000a0f00000, 0x00000000d5580000)
  object space 539648K, 44% used [0x0000000080000000,0x000000008ec2b700,0x00000000a0f00000)
 Metaspace       used 96455K, committed 98176K, reserved 1179648K
  class space    used 9390K, committed 10176K, reserved 1048576K
}
Event: 113.787 GC heap before
{Heap before GC invocations=689 (full 4):
 PSYoungGen      total 3584K, used 3360K [0x00000000d5580000, 0x00000000d5a00000, 0x0000000100000000)
  eden space 3072K, 100% used [0x00000000d5580000,0x00000000d5880000,0x00000000d5880000)
  from space 512K, 56% used [0x00000000d5980000,0x00000000d59c8000,0x00000000d5a00000)
  to   space 512K, 0% used [0x00000000d5900000,0x00000000d5900000,0x00000000d5980000)
 ParOldGen       total 539648K, used 241837K [0x0000000080000000, 0x00000000a0f00000, 0x00000000d5580000)
  object space 539648K, 44% used [0x0000000080000000,0x000000008ec2b700,0x00000000a0f00000)
 Metaspace       used 96607K, committed 98304K, reserved 1179648K
  class space    used 9420K, committed 10176K, reserved 1048576K
}
Event: 113.788 GC heap after
{Heap after GC invocations=689 (full 4):
 PSYoungGen      total 3584K, used 486K [0x00000000d5580000, 0x00000000d5b80000, 0x0000000100000000)
  eden space 3072K, 0% used [0x00000000d5580000,0x00000000d5580000,0x00000000d5880000)
  from space 512K, 95% used [0x00000000d5900000,0x00000000d59799d0,0x00000000d5980000)
  to   space 1536K, 0% used [0x00000000d5a00000,0x00000000d5a00000,0x00000000d5b80000)
 ParOldGen       total 539648K, used 242325K [0x0000000080000000, 0x00000000a0f00000, 0x00000000d5580000)
  object space 539648K, 44% used [0x0000000080000000,0x000000008eca57f8,0x00000000a0f00000)
 Metaspace       used 96607K, committed 98304K, reserved 1179648K
  class space    used 9420K, committed 10176K, reserved 1048576K
}
Event: 113.809 GC heap before
{Heap before GC invocations=690 (full 4):
 PSYoungGen      total 3584K, used 3549K [0x00000000d5580000, 0x00000000d5b80000, 0x0000000100000000)
  eden space 3072K, 99% used [0x00000000d5580000,0x00000000d587db08,0x00000000d5880000)
  from space 512K, 95% used [0x00000000d5900000,0x00000000d59799d0,0x00000000d5980000)
  to   space 1536K, 0% used [0x00000000d5a00000,0x00000000d5a00000,0x00000000d5b80000)
 ParOldGen       total 539648K, used 242325K [0x0000000080000000, 0x00000000a0f00000, 0x00000000d5580000)
  object space 539648K, 44% used [0x0000000080000000,0x000000008eca57f8,0x00000000a0f00000)
 Metaspace       used 96638K, committed 98304K, reserved 1179648K
  class space    used 9421K, committed 10176K, reserved 1048576K
}
Event: 113.810 GC heap after
{Heap after GC invocations=690 (full 4):
 PSYoungGen      total 4096K, used 960K [0x00000000d5580000, 0x00000000d5b00000, 0x0000000100000000)
  eden space 3072K, 0% used [0x00000000d5580000,0x00000000d5580000,0x00000000d5880000)
  from space 1024K, 93% used [0x00000000d5a00000,0x00000000d5af0000,0x00000000d5b00000)
  to   space 1024K, 0% used [0x00000000d5900000,0x00000000d5900000,0x00000000d5a00000)
 ParOldGen       total 539648K, used 242430K [0x0000000080000000, 0x00000000a0f00000, 0x00000000d5580000)
  object space 539648K, 44% used [0x0000000080000000,0x000000008ecbf808,0x00000000a0f00000)
 Metaspace       used 96638K, committed 98304K, reserved 1179648K
  class space    used 9421K, committed 10176K, reserved 1048576K
}
Event: 114.222 GC heap before
{Heap before GC invocations=691 (full 4):
 PSYoungGen      total 4096K, used 4032K [0x00000000d5580000, 0x00000000d5b00000, 0x0000000100000000)
  eden space 3072K, 100% used [0x00000000d5580000,0x00000000d5880000,0x00000000d5880000)
  from space 1024K, 93% used [0x00000000d5a00000,0x00000000d5af0000,0x00000000d5b00000)
  to   space 1024K, 0% used [0x00000000d5900000,0x00000000d5900000,0x00000000d5a00000)
 ParOldGen       total 539648K, used 242430K [0x0000000080000000, 0x00000000a0f00000, 0x00000000d5580000)
  object space 539648K, 44% used [0x0000000080000000,0x000000008ecbf808,0x00000000a0f00000)
 Metaspace       used 96799K, committed 98496K, reserved 1179648K
  class space    used 9444K, committed 10240K, reserved 1048576K
}
Event: 114.225 GC heap after
{Heap after GC invocations=691 (full 4):
 PSYoungGen      total 4096K, used 815K [0x00000000d5580000, 0x00000000d5a80000, 0x0000000100000000)
  eden space 3072K, 0% used [0x00000000d5580000,0x00000000d5580000,0x00000000d5880000)
  from space 1024K, 79% used [0x00000000d5900000,0x00000000d59cbc38,0x00000000d5a00000)
  to   space 512K, 0% used [0x00000000d5a00000,0x00000000d5a00000,0x00000000d5a80000)
 ParOldGen       total 539648K, used 243378K [0x0000000080000000, 0x00000000a0f00000, 0x00000000d5580000)
  object space 539648K, 45% used [0x0000000080000000,0x000000008edac818,0x00000000a0f00000)
 Metaspace       used 96799K, committed 98496K, reserved 1179648K
  class space    used 9444K, committed 10240K, reserved 1048576K
}
Event: 119.400 GC heap before
{Heap before GC invocations=692 (full 4):
 PSYoungGen      total 4096K, used 3887K [0x00000000d5580000, 0x00000000d5a80000, 0x0000000100000000)
  eden space 3072K, 100% used [0x00000000d5580000,0x00000000d5880000,0x00000000d5880000)
  from space 1024K, 79% used [0x00000000d5900000,0x00000000d59cbc38,0x00000000d5a00000)
  to   space 512K, 0% used [0x00000000d5a00000,0x00000000d5a00000,0x00000000d5a80000)
 ParOldGen       total 539648K, used 243378K [0x0000000080000000, 0x00000000a0f00000, 0x00000000d5580000)
  object space 539648K, 45% used [0x0000000080000000,0x000000008edac818,0x00000000a0f00000)
 Metaspace       used 97292K, committed 99008K, reserved 1179648K
  class space    used 9512K, committed 10304K, reserved 1048576K
}
Event: 119.402 GC heap after
{Heap after GC invocations=692 (full 4):
 PSYoungGen      total 3584K, used 288K [0x00000000d5580000, 0x00000000d5a80000, 0x0000000100000000)
  eden space 3072K, 0% used [0x00000000d5580000,0x00000000d5580000,0x00000000d5880000)
  from space 512K, 56% used [0x00000000d5a00000,0x00000000d5a48000,0x00000000d5a80000)
  to   space 512K, 0% used [0x00000000d5980000,0x00000000d5980000,0x00000000d5a00000)
 ParOldGen       total 539648K, used 243937K [0x0000000080000000, 0x00000000a0f00000, 0x00000000d5580000)
  object space 539648K, 45% used [0x0000000080000000,0x000000008ee38428,0x00000000a0f00000)
 Metaspace       used 97292K, committed 99008K, reserved 1179648K
  class space    used 9512K, committed 10304K, reserved 1048576K
}
Event: 122.332 GC heap before
{Heap before GC invocations=693 (full 4):
 PSYoungGen      total 3584K, used 3357K [0x00000000d5580000, 0x00000000d5a80000, 0x0000000100000000)
  eden space 3072K, 99% used [0x00000000d5580000,0x00000000d587f4d8,0x00000000d5880000)
  from space 512K, 56% used [0x00000000d5a00000,0x00000000d5a48000,0x00000000d5a80000)
  to   space 512K, 0% used [0x00000000d5980000,0x00000000d5980000,0x00000000d5a00000)
 ParOldGen       total 539648K, used 243937K [0x0000000080000000, 0x00000000a0f00000, 0x00000000d5580000)
  object space 539648K, 45% used [0x0000000080000000,0x000000008ee38428,0x00000000a0f00000)
 Metaspace       used 97306K, committed 99008K, reserved 1179648K
  class space    used 9512K, committed 10304K, reserved 1048576K
}
Event: 122.333 GC heap after
{Heap after GC invocations=693 (full 4):
 PSYoungGen      total 3584K, used 224K [0x00000000d5580000, 0x00000000d5a80000, 0x0000000100000000)
  eden space 3072K, 0% used [0x00000000d5580000,0x00000000d5580000,0x00000000d5880000)
  from space 512K, 43% used [0x00000000d5980000,0x00000000d59b8000,0x00000000d5a00000)
  to   space 512K, 0% used [0x00000000d5a00000,0x00000000d5a00000,0x00000000d5a80000)
 ParOldGen       total 539648K, used 244060K [0x0000000080000000, 0x00000000a0f00000, 0x00000000d5580000)
  object space 539648K, 45% used [0x0000000080000000,0x000000008ee57278,0x00000000a0f00000)
 Metaspace       used 97306K, committed 99008K, reserved 1179648K
  class space    used 9512K, committed 10304K, reserved 1048576K
}

Dll operation events (14 events):
Event: 0.196 Loaded shared library c:\Users\manuc\.vscode\extensions\redhat.java-1.55.2026051309-win32-x64\jre\21.0.10-win32-x86_64\bin\java.dll
Event: 0.266 Loaded shared library c:\Users\manuc\.vscode\extensions\redhat.java-1.55.2026051309-win32-x64\jre\21.0.10-win32-x86_64\bin\zip.dll
Event: 0.309 Loaded shared library C:\Users\manuc\.vscode\extensions\redhat.java-1.55.2026051309-win32-x64\jre\21.0.10-win32-x86_64\bin\instrument.dll
Event: 0.336 Loaded shared library C:\Users\manuc\.vscode\extensions\redhat.java-1.55.2026051309-win32-x64\jre\21.0.10-win32-x86_64\bin\net.dll
Event: 0.372 Loaded shared library C:\Users\manuc\.vscode\extensions\redhat.java-1.55.2026051309-win32-x64\jre\21.0.10-win32-x86_64\bin\nio.dll
Event: 0.374 Loaded shared library C:\Users\manuc\.vscode\extensions\redhat.java-1.55.2026051309-win32-x64\jre\21.0.10-win32-x86_64\bin\zip.dll
Event: 0.401 Loaded shared library C:\Users\manuc\.vscode\extensions\redhat.java-1.55.2026051309-win32-x64\jre\21.0.10-win32-x86_64\bin\jimage.dll
Event: 0.507 Loaded shared library c:\Users\manuc\.vscode\extensions\redhat.java-1.55.2026051309-win32-x64\jre\21.0.10-win32-x86_64\bin\verify.dll
Event: 8.935 Loaded shared library C:\Users\manuc\AppData\Roaming\Code\User\globalStorage\redhat.java\1.55.2026051309\config_win\org.eclipse.equinox.launcher\org.eclipse.equinox.launcher.win32.win32.x86_64_1.3.0.v20260203-2149\eclipse_11919.dll
Event: 17.834 Loaded shared library C:\Users\manuc\.vscode\extensions\redhat.java-1.55.2026051309-win32-x64\jre\21.0.10-win32-x86_64\bin\management.dll
Event: 17.836 Loaded shared library C:\Users\manuc\.vscode\extensions\redhat.java-1.55.2026051309-win32-x64\jre\21.0.10-win32-x86_64\bin\management_ext.dll
Event: 19.712 Loaded shared library C:\Users\manuc\AppData\Local\Temp\jna-103662952\jna16718382794827248410.dll
Event: 19.907 Loaded shared library C:\Users\manuc\.vscode\extensions\redhat.java-1.55.2026051309-win32-x64\jre\21.0.10-win32-x86_64\bin\sunmscapi.dll
Event: 20.479 Loaded shared library C:\Users\manuc\.vscode\extensions\redhat.java-1.55.2026051309-win32-x64\jre\21.0.10-win32-x86_64\bin\extnet.dll

Deoptimization events (20 events):
Event: 114.255 Thread 0x000002517be42130 Uncommon trap: trap_request=0xffffffbe fr.pc=0x00000251687f7b58 relative=0x00000000000004f8
Event: 114.255 Thread 0x000002517be42130 Uncommon trap: reason=profile_predicate action=maybe_recompile pc=0x00000251687f7b58 method=java.util.Arrays.binarySearch0([Ljava/lang/Object;IILjava/lang/Object;)I @ 12 c2
Event: 114.255 Thread 0x000002517be42130 DEOPT PACKING pc=0x00000251687f7b58 sp=0x0000009c516fe7e0
Event: 114.256 Thread 0x000002517be42130 DEOPT UNPACKING pc=0x0000025168163aa2 sp=0x0000009c516fe760 mode 2
Event: 114.256 Thread 0x000002517be42130 Uncommon trap: trap_request=0xffffffbe fr.pc=0x00000251687f7b58 relative=0x00000000000004f8
Event: 114.256 Thread 0x000002517be42130 Uncommon trap: reason=profile_predicate action=maybe_recompile pc=0x00000251687f7b58 method=java.util.Arrays.binarySearch0([Ljava/lang/Object;IILjava/lang/Object;)I @ 12 c2
Event: 114.256 Thread 0x000002517be42130 DEOPT PACKING pc=0x00000251687f7b58 sp=0x0000009c516fe7e0
Event: 114.256 Thread 0x000002517be42130 DEOPT UNPACKING pc=0x0000025168163aa2 sp=0x0000009c516fe760 mode 2
Event: 114.256 Thread 0x000002517be42130 Uncommon trap: trap_request=0xffffffbe fr.pc=0x00000251687f7b58 relative=0x00000000000004f8
Event: 114.256 Thread 0x000002517be42130 Uncommon trap: reason=profile_predicate action=maybe_recompile pc=0x00000251687f7b58 method=java.util.Arrays.binarySearch0([Ljava/lang/Object;IILjava/lang/Object;)I @ 12 c2
Event: 114.256 Thread 0x000002517be42130 DEOPT PACKING pc=0x00000251687f7b58 sp=0x0000009c516fe7e0
Event: 114.256 Thread 0x000002517be42130 DEOPT UNPACKING pc=0x0000025168163aa2 sp=0x0000009c516fe760 mode 2
Event: 114.256 Thread 0x000002517be42130 Uncommon trap: trap_request=0xffffffbe fr.pc=0x00000251687f7b58 relative=0x00000000000004f8
Event: 114.256 Thread 0x000002517be42130 Uncommon trap: reason=profile_predicate action=maybe_recompile pc=0x00000251687f7b58 method=java.util.Arrays.binarySearch0([Ljava/lang/Object;IILjava/lang/Object;)I @ 12 c2
Event: 114.256 Thread 0x000002517be42130 DEOPT PACKING pc=0x00000251687f7b58 sp=0x0000009c516fe7e0
Event: 114.256 Thread 0x000002517be42130 DEOPT UNPACKING pc=0x0000025168163aa2 sp=0x0000009c516fe760 mode 2
Event: 114.269 Thread 0x000002517be42130 Uncommon trap: trap_request=0xffffff45 fr.pc=0x0000025168e94484 relative=0x0000000000001584
Event: 114.269 Thread 0x000002517be42130 Uncommon trap: reason=unstable_if action=reinterpret pc=0x0000025168e94484 method=java.net.URI.appendSchemeSpecificPart(Ljava/lang/StringBuilder;Ljava/lang/String;Ljava/lang/String;Ljava/lang/String;Ljava/lang/String;ILjava/lang/String;Ljava/lang/String;)
Event: 114.269 Thread 0x000002517be42130 DEOPT PACKING pc=0x0000025168e94484 sp=0x0000009c516feac0
Event: 114.269 Thread 0x000002517be42130 DEOPT UNPACKING pc=0x0000025168163aa2 sp=0x0000009c516fea18 mode 2

Classes loaded (20 events):
Event: 54.307 Loading class sun/security/rsa/MGF1
Event: 54.308 Loading class sun/security/rsa/MGF1 done
Event: 54.309 Loading class sun/security/ssl/CipherSuite$1
Event: 54.309 Loading class sun/security/ssl/CipherSuite$1 done
Event: 54.337 Loading class java/util/stream/ReduceOps$6
Event: 54.338 Loading class java/util/stream/ReduceOps$6 done
Event: 54.338 Loading class java/util/stream/ReduceOps$5ReducingSink
Event: 54.338 Loading class java/util/stream/ReduceOps$5ReducingSink done
Event: 54.462 Loading class java/util/stream/FindOps$FindSink$OfLong
Event: 54.463 Loading class java/util/stream/FindOps$FindSink$OfLong done
Event: 54.463 Loading class java/util/OptionalLong
Event: 54.463 Loading class java/util/OptionalLong done
Event: 57.388 Loading class java/util/function/IntPredicate
Event: 57.389 Loading class java/util/function/IntPredicate done
Event: 57.401 Loading class java/util/regex/Pattern$Bound
Event: 57.401 Loading class java/util/regex/Pattern$Bound done
Event: 58.752 Loading class jdk/internal/ref/CleanerImpl$InnocuousThreadFactory
Event: 58.752 Loading class jdk/internal/ref/CleanerImpl$InnocuousThreadFactory done
Event: 97.525 Loading class java/util/LinkedList$LLSpliterator
Event: 97.525 Loading class java/util/LinkedList$LLSpliterator done

Classes unloaded (20 events):
Event: 19.976 Thread 0x00000251755d2640 Unloading class 0x000002510138a400 'java/lang/invoke/LambdaForm$MH+0x000002510138a400'
Event: 19.976 Thread 0x00000251755d2640 Unloading class 0x0000025101389800 'java/lang/invoke/LambdaForm$MH+0x0000025101389800'
Event: 19.976 Thread 0x00000251755d2640 Unloading class 0x0000025101389000 'java/lang/invoke/LambdaForm$MH+0x0000025101389000'
Event: 19.976 Thread 0x00000251755d2640 Unloading class 0x0000025101388c00 'java/lang/invoke/LambdaForm$MH+0x0000025101388c00'
Event: 19.976 Thread 0x00000251755d2640 Unloading class 0x0000025101388000 'java/lang/invoke/LambdaForm$MH+0x0000025101388000'
Event: 19.976 Thread 0x00000251755d2640 Unloading class 0x0000025101385800 'java/lang/invoke/LambdaForm$MH+0x0000025101385800'
Event: 97.349 Thread 0x00000251755d2640 Unloading class 0x0000025101872000 'java/lang/invoke/LambdaForm$DMH+0x0000025101872000'
Event: 97.349 Thread 0x00000251755d2640 Unloading class 0x0000025101871c00 'java/lang/invoke/LambdaForm$DMH+0x0000025101871c00'
Event: 97.349 Thread 0x00000251755d2640 Unloading class 0x00000251017fb800 'java/lang/invoke/LambdaForm$MH+0x00000251017fb800'
Event: 97.349 Thread 0x00000251755d2640 Unloading class 0x00000251017fb000 'java/lang/invoke/LambdaForm$MH+0x00000251017fb000'
Event: 97.349 Thread 0x00000251755d2640 Unloading class 0x00000251017fa800 'java/lang/invoke/LambdaForm$MH+0x00000251017fa800'
Event: 97.349 Thread 0x00000251755d2640 Unloading class 0x00000251017fa400 'java/lang/invoke/LambdaForm$MH+0x00000251017fa400'
Event: 97.349 Thread 0x00000251755d2640 Unloading class 0x00000251017f9800 'java/lang/invoke/LambdaForm$MH+0x00000251017f9800'
Event: 97.349 Thread 0x00000251755d2640 Unloading class 0x00000251017f9000 'java/lang/invoke/LambdaForm$MH+0x00000251017f9000'
Event: 97.349 Thread 0x00000251755d2640 Unloading class 0x00000251017f8800 'java/lang/invoke/LambdaForm$MH+0x00000251017f8800'
Event: 97.349 Thread 0x00000251755d2640 Unloading class 0x00000251017f8400 'java/lang/invoke/LambdaForm$MH+0x00000251017f8400'
Event: 97.349 Thread 0x00000251755d2640 Unloading class 0x0000025101695400 'java/lang/invoke/LambdaForm$DMH+0x0000025101695400'
Event: 97.349 Thread 0x00000251755d2640 Unloading class 0x0000025101695000 'java/lang/invoke/LambdaForm$DMH+0x0000025101695000'
Event: 97.349 Thread 0x00000251755d2640 Unloading class 0x0000025101694800 'java/lang/invoke/LambdaForm$DMH+0x0000025101694800'
Event: 97.349 Thread 0x00000251755d2640 Unloading class 0x0000025101694c00 'java/lang/invoke/LambdaForm$DMH+0x0000025101694c00'

Classes redefined (0 events):
No events

Internal exceptions (20 events):
Event: 97.578 Thread 0x000002517b6d4a60 Exception <a 'sun/nio/fs/WindowsException'{0x00000000d55c1d78}> (0x00000000d55c1d78) 
thrown [s\src\hotspot\share\prims\jni.cpp, line 520]
Event: 112.313 Thread 0x000002517b6d4a60 Exception <a 'sun/nio/fs/WindowsException'{0x00000000d5692238}> (0x00000000d5692238) 
thrown [s\src\hotspot\share\prims\jni.cpp, line 520]
Event: 112.433 Thread 0x000002517b6d4a60 Exception <a 'sun/nio/fs/WindowsException'{0x00000000d55d6408}> (0x00000000d55d6408) 
thrown [s\src\hotspot\share\prims\jni.cpp, line 520]
Event: 113.100 Thread 0x000002517be42130 Exception <a 'sun/nio/fs/WindowsException'{0x00000000d5731b08}> (0x00000000d5731b08) 
thrown [s\src\hotspot\share\prims\jni.cpp, line 520]
Event: 113.100 Thread 0x000002517be42130 Exception <a 'sun/nio/fs/WindowsException'{0x00000000d57323e0}> (0x00000000d57323e0) 
thrown [s\src\hotspot\share\prims\jni.cpp, line 520]
Event: 113.100 Thread 0x000002517be42130 Exception <a 'sun/nio/fs/WindowsException'{0x00000000d5733748}> (0x00000000d5733748) 
thrown [s\src\hotspot\share\prims\jni.cpp, line 520]
Event: 113.100 Thread 0x000002517be42130 Exception <a 'sun/nio/fs/WindowsException'{0x00000000d5733d78}> (0x00000000d5733d78) 
thrown [s\src\hotspot\share\prims\jni.cpp, line 520]
Event: 113.100 Thread 0x000002517be42130 Exception <a 'sun/nio/fs/WindowsException'{0x00000000d57350f0}> (0x00000000d57350f0) 
thrown [s\src\hotspot\share\prims\jni.cpp, line 520]
Event: 113.100 Thread 0x000002517be42130 Exception <a 'sun/nio/fs/WindowsException'{0x00000000d5735c28}> (0x00000000d5735c28) 
thrown [s\src\hotspot\share\prims\jni.cpp, line 520]
Event: 113.772 Thread 0x000002517be42130 Implicit null exception at 0x0000025168d4de51 to 0x0000025168d4e3c0
Event: 114.219 Thread 0x000002517be42130 Exception <a 'java/lang/NoSuchMethodError'{0x00000000d585ecb8}: 'int java.lang.invoke.DirectMethodHandle$Holder.invokeSpecialIFC(java.lang.Object, java.lang.Object, int)'> (0x00000000d585ecb8) 
thrown [s\src\hotspot\share\interpreter\linkResolver.cpp, line 773]
Event: 114.255 Thread 0x000002517be42130 Exception <a 'sun/nio/fs/WindowsException'{0x00000000d56f31e8}> (0x00000000d56f31e8) 
thrown [s\src\hotspot\share\prims\jni.cpp, line 520]
Event: 114.255 Thread 0x000002517be42130 Exception <a 'sun/nio/fs/WindowsException'{0x00000000d56f3aa0}> (0x00000000d56f3aa0) 
thrown [s\src\hotspot\share\prims\jni.cpp, line 520]
Event: 114.255 Thread 0x000002517be42130 Exception <a 'sun/nio/fs/WindowsException'{0x00000000d56f4b88}> (0x00000000d56f4b88) 
thrown [s\src\hotspot\share\prims\jni.cpp, line 520]
Event: 114.255 Thread 0x000002517be42130 Exception <a 'sun/nio/fs/WindowsException'{0x00000000d56f51b8}> (0x00000000d56f51b8) 
thrown [s\src\hotspot\share\prims\jni.cpp, line 520]
Event: 114.255 Thread 0x000002517be42130 Exception <a 'sun/nio/fs/WindowsException'{0x00000000d56f62b8}> (0x00000000d56f62b8) 
thrown [s\src\hotspot\share\prims\jni.cpp, line 520]
Event: 114.255 Thread 0x000002517be42130 Exception <a 'sun/nio/fs/WindowsException'{0x00000000d56f6b70}> (0x00000000d56f6b70) 
thrown [s\src\hotspot\share\prims\jni.cpp, line 520]
Event: 339.482 Thread 0x000002517b6d7ee0 Exception <a 'sun/nio/fs/WindowsException'{0x00000000d57436e8}> (0x00000000d57436e8) 
thrown [s\src\hotspot\share\prims\jni.cpp, line 520]
Event: 339.485 Thread 0x000002517b6d7ee0 Exception <a 'sun/nio/fs/WindowsException'{0x00000000d5744730}> (0x00000000d5744730) 
thrown [s\src\hotspot\share\prims\jni.cpp, line 520]
Event: 1925.765 Thread 0x000002517cfe4700 Exception <a 'java/lang/IncompatibleClassChangeError'{0x00000000d57f8fb8}: Found class java.lang.Object, but interface was expected> (0x00000000d57f8fb8) 
thrown [s\src\hotspot\share\interpreter\linkResolver.cpp, line 840]

ZGC Phase Switch (0 events):
No events

VM Operations (20 events):
Event: 1443.285 Executing non-safepoint VM operation: HandshakeAllThreads (HandshakeForDeflation)
Event: 1443.285 Executing non-safepoint VM operation: HandshakeAllThreads (HandshakeForDeflation) done
Event: 1443.285 Executing non-safepoint VM operation: RendezvousGCThreads
Event: 1443.285 Executing non-safepoint VM operation: RendezvousGCThreads done
Event: 1503.335 Executing non-safepoint VM operation: HandshakeAllThreads (HandshakeForDeflation)
Event: 1503.335 Executing non-safepoint VM operation: HandshakeAllThreads (HandshakeForDeflation) done
Event: 1503.335 Executing non-safepoint VM operation: RendezvousGCThreads
Event: 1503.335 Executing non-safepoint VM operation: RendezvousGCThreads done
Event: 1563.497 Executing non-safepoint VM operation: HandshakeAllThreads (HandshakeForDeflation)
Event: 1563.498 Executing non-safepoint VM operation: HandshakeAllThreads (HandshakeForDeflation) done
Event: 1563.498 Executing non-safepoint VM operation: RendezvousGCThreads
Event: 1563.498 Executing non-safepoint VM operation: RendezvousGCThreads done
Event: 1743.891 Executing non-safepoint VM operation: HandshakeAllThreads (HandshakeForDeflation)
Event: 1743.891 Executing non-safepoint VM operation: HandshakeAllThreads (HandshakeForDeflation) done
Event: 1743.891 Executing non-safepoint VM operation: RendezvousGCThreads
Event: 1743.891 Executing non-safepoint VM operation: RendezvousGCThreads done
Event: 1924.535 Executing non-safepoint VM operation: HandshakeAllThreads (HandshakeForDeflation)
Event: 1924.536 Executing non-safepoint VM operation: HandshakeAllThreads (HandshakeForDeflation) done
Event: 1924.537 Executing non-safepoint VM operation: RendezvousGCThreads
Event: 1924.537 Executing non-safepoint VM operation: RendezvousGCThreads done

Memory protections (0 events):
No events

Nmethod flushes (20 events):
Event: 97.422 Thread 0x00000251755d2640 flushing osr nmethod 0x00000251618d5b10
Event: 97.422 Thread 0x00000251755d2640 flushing  nmethod 0x0000025161933390
Event: 97.422 Thread 0x00000251755d2640 flushing  nmethod 0x0000025161953f90
Event: 97.422 Thread 0x00000251755d2640 flushing  nmethod 0x0000025161954b90
Event: 97.422 Thread 0x00000251755d2640 flushing  nmethod 0x0000025161968c90
Event: 97.422 Thread 0x00000251755d2640 flushing  nmethod 0x0000025161975290
Event: 97.422 Thread 0x00000251755d2640 flushing  nmethod 0x0000025161975590
Event: 97.422 Thread 0x00000251755d2640 flushing  nmethod 0x0000025161999210
Event: 97.422 Thread 0x00000251755d2640 flushing  nmethod 0x00000251619af110
Event: 97.422 Thread 0x00000251755d2640 flushing  nmethod 0x00000251619ba410
Event: 97.422 Thread 0x00000251755d2640 flushing  nmethod 0x00000251619ba910
Event: 97.422 Thread 0x00000251755d2640 flushing  nmethod 0x00000251619ce310
Event: 97.422 Thread 0x00000251755d2640 flushing  nmethod 0x00000251619ce710
Event: 97.422 Thread 0x00000251755d2640 flushing  nmethod 0x00000251619d5610
Event: 97.422 Thread 0x00000251755d2640 flushing  nmethod 0x00000251619d8a90
Event: 97.422 Thread 0x00000251755d2640 flushing  nmethod 0x00000251619f5a10
Event: 97.422 Thread 0x00000251755d2640 flushing  nmethod 0x00000251619f9a10
Event: 97.422 Thread 0x00000251755d2640 flushing  nmethod 0x00000251619fae90
Event: 97.422 Thread 0x00000251755d2640 flushing  nmethod 0x0000025161a27a10
Event: 97.422 Thread 0x00000251755d2640 flushing  nmethod 0x0000025161a2d410

Events (20 events):
Event: 339.134 Thread 0x000002517be43b70 Thread exited: 0x000002517be43b70
Event: 339.431 Thread 0x000002517b6d7ee0 Thread added: 0x00000251413a7850
Event: 339.439 Thread 0x00000251413a7850 Thread exited: 0x00000251413a7850
Event: 339.497 Thread 0x000002517b6d7ee0 Thread added: 0x00000251413a4a60
Event: 339.499 Thread 0x00000251413a4a60 Thread exited: 0x00000251413a4a60
Event: 360.079 Thread 0x000002517cfe4070 Thread exited: 0x000002517cfe4070
Event: 362.925 Thread 0x000002517be427c0 Thread exited: 0x000002517be427c0
Event: 367.624 Thread 0x000002517cfe7b80 Thread exited: 0x000002517cfe7b80
Event: 382.844 Thread 0x000002517cfe6140 Thread exited: 0x000002517cfe6140
Event: 397.660 Thread 0x00000251413a50f0 Thread exited: 0x00000251413a50f0
Event: 412.425 Thread 0x00000251413a3d40 Thread exited: 0x00000251413a3d40
Event: 422.929 Thread 0x000002517be41aa0 Thread exited: 0x000002517be41aa0
Event: 482.944 Thread 0x000002517be46ff0 Thread exited: 0x000002517be46ff0
Event: 542.948 Thread 0x000002517be46960 Thread exited: 0x000002517be46960
Event: 602.950 Thread 0x000002517be45c40 Thread exited: 0x000002517be45c40
Event: 662.964 Thread 0x000002517be462d0 Thread exited: 0x000002517be462d0
Event: 722.978 Thread 0x000002517be406f0 Thread exited: 0x000002517be406f0
Event: 782.990 Thread 0x000002517be455b0 Thread exited: 0x000002517be455b0
Event: 1321.953 Thread 0x000002517cfe4700 Thread added: 0x00000251413a3d40
Event: 1382.102 Thread 0x00000251413a3d40 Thread exited: 0x00000251413a3d40


Dynamic libraries:
0x00007ff6a84c0000 - 0x00007ff6a84ce000 	c:\Users\manuc\.vscode\extensions\redhat.java-1.55.2026051309-win32-x64\jre\21.0.10-win32-x86_64\bin\java.exe
0x00007ffaff7e0000 - 0x00007ffaffa47000 	C:\WINDOWS\SYSTEM32\ntdll.dll
0x00007ffafe030000 - 0x00007ffafe0f9000 	C:\WINDOWS\System32\KERNEL32.DLL
0x00007ffafc5a0000 - 0x00007ffafc997000 	C:\WINDOWS\System32\KERNELBASE.dll
0x00007ffafc9a0000 - 0x00007ffafcaeb000 	C:\WINDOWS\System32\ucrtbase.dll
0x00007ffaea1a0000 - 0x00007ffaea1be000 	c:\Users\manuc\.vscode\extensions\redhat.java-1.55.2026051309-win32-x64\jre\21.0.10-win32-x86_64\bin\VCRUNTIME140.dll
0x00007ffaea180000 - 0x00007ffaea198000 	c:\Users\manuc\.vscode\extensions\redhat.java-1.55.2026051309-win32-x64\jre\21.0.10-win32-x86_64\bin\jli.dll
0x00007ffafe1f0000 - 0x00007ffafe3b6000 	C:\WINDOWS\System32\USER32.dll
0x00007ffafc340000 - 0x00007ffafc367000 	C:\WINDOWS\System32\win32u.dll
0x00007ffadcbf0000 - 0x00007ffadce82000 	C:\WINDOWS\WinSxS\amd64_microsoft.windows.common-controls_6595b64144ccf1df_6.0.26100.8457_none_3e0b2faee331e92d\COMCTL32.dll
0x00007ffafe1c0000 - 0x00007ffafe1eb000 	C:\WINDOWS\System32\GDI32.dll
0x00007ffaff670000 - 0x00007ffaff719000 	C:\WINDOWS\System32\msvcrt.dll
0x00007ffafc210000 - 0x00007ffafc33c000 	C:\WINDOWS\System32\gdi32full.dll
0x00007ffafd4b0000 - 0x00007ffafd553000 	C:\WINDOWS\System32\msvcp_win.dll
0x00007ffafdb90000 - 0x00007ffafdbc2000 	C:\WINDOWS\System32\IMM32.DLL
0x00007ffaf14e0000 - 0x00007ffaf14ec000 	c:\Users\manuc\.vscode\extensions\redhat.java-1.55.2026051309-win32-x64\jre\21.0.10-win32-x86_64\bin\vcruntime140_1.dll
0x00007ffabd380000 - 0x00007ffabd40d000 	c:\Users\manuc\.vscode\extensions\redhat.java-1.55.2026051309-win32-x64\jre\21.0.10-win32-x86_64\bin\msvcp140.dll
0x00007ffa2e0c0000 - 0x00007ffa2ee61000 	c:\Users\manuc\.vscode\extensions\redhat.java-1.55.2026051309-win32-x64\jre\21.0.10-win32-x86_64\bin\server\jvm.dll
0x00007ffaff120000 - 0x00007ffaff1d6000 	C:\WINDOWS\System32\ADVAPI32.dll
0x00007ffafdf30000 - 0x00007ffafdfd7000 	C:\WINDOWS\System32\sechost.dll
0x00007ffafde10000 - 0x00007ffafdf28000 	C:\WINDOWS\System32\RPCRT4.dll
0x00007ffaff080000 - 0x00007ffaff100000 	C:\WINDOWS\System32\WS2_32.dll
0x00007ffafbc00000 - 0x00007ffafbc5e000 	C:\WINDOWS\SYSTEM32\POWRPROF.dll
0x00007ffae9f30000 - 0x00007ffae9f66000 	C:\WINDOWS\SYSTEM32\WINMM.dll
0x00007ffaefb80000 - 0x00007ffaefb8b000 	C:\WINDOWS\SYSTEM32\VERSION.dll
0x00007ffafbae0000 - 0x00007ffafbaf4000 	C:\WINDOWS\SYSTEM32\UMPDC.dll
0x00007ffafaf70000 - 0x00007ffafaf8b000 	C:\WINDOWS\SYSTEM32\kernel.appcore.dll
0x00007ffaefea0000 - 0x00007ffaefeaa000 	c:\Users\manuc\.vscode\extensions\redhat.java-1.55.2026051309-win32-x64\jre\21.0.10-win32-x86_64\bin\jimage.dll
0x00007ffafa110000 - 0x00007ffafa352000 	C:\WINDOWS\SYSTEM32\DBGHELP.DLL
0x00007ffafd700000 - 0x00007ffafda83000 	C:\WINDOWS\System32\combase.dll
0x00007ffafdc60000 - 0x00007ffafdd39000 	C:\WINDOWS\System32\OLEAUT32.dll
0x00007ffade870000 - 0x00007ffade8ab000 	C:\WINDOWS\SYSTEM32\dbgcore.DLL
0x00007ffafc4f0000 - 0x00007ffafc598000 	C:\WINDOWS\System32\bcryptPrimitives.dll
0x00007ffaeba40000 - 0x00007ffaeba4f000 	c:\Users\manuc\.vscode\extensions\redhat.java-1.55.2026051309-win32-x64\jre\21.0.10-win32-x86_64\bin\instrument.dll
0x00007ffaea160000 - 0x00007ffaea180000 	c:\Users\manuc\.vscode\extensions\redhat.java-1.55.2026051309-win32-x64\jre\21.0.10-win32-x86_64\bin\java.dll
0x00007ffae9b10000 - 0x00007ffae9b28000 	c:\Users\manuc\.vscode\extensions\redhat.java-1.55.2026051309-win32-x64\jre\21.0.10-win32-x86_64\bin\zip.dll
0x00007ffafe900000 - 0x00007ffaff06e000 	C:\WINDOWS\System32\SHELL32.dll
0x00007ffafcaf0000 - 0x00007ffafd35c000 	C:\WINDOWS\System32\windows.storage.dll
0x00007ffafe800000 - 0x00007ffafe8f6000 	C:\WINDOWS\System32\SHCORE.dll
0x00007ffaff730000 - 0x00007ffaff796000 	C:\WINDOWS\System32\shlwapi.dll
0x00007ffafc130000 - 0x00007ffafc159000 	C:\WINDOWS\SYSTEM32\profapi.dll
0x00007ffaea6b0000 - 0x00007ffaea6c0000 	C:\Users\manuc\.vscode\extensions\redhat.java-1.55.2026051309-win32-x64\jre\21.0.10-win32-x86_64\bin\net.dll
0x00007ffaf2df0000 - 0x00007ffaf2f19000 	C:\WINDOWS\SYSTEM32\WINHTTP.dll
0x00007ffafb4f0000 - 0x00007ffafb55c000 	C:\WINDOWS\system32\mswsock.dll
0x00007ffae9ac0000 - 0x00007ffae9ad6000 	C:\Users\manuc\.vscode\extensions\redhat.java-1.55.2026051309-win32-x64\jre\21.0.10-win32-x86_64\bin\nio.dll
0x00007ffaea530000 - 0x00007ffaea540000 	c:\Users\manuc\.vscode\extensions\redhat.java-1.55.2026051309-win32-x64\jre\21.0.10-win32-x86_64\bin\verify.dll
0x00007ffac0870000 - 0x00007ffac08b5000 	C:\Users\manuc\AppData\Roaming\Code\User\globalStorage\redhat.java\1.55.2026051309\config_win\org.eclipse.equinox.launcher\org.eclipse.equinox.launcher.win32.win32.x86_64_1.3.0.v20260203-2149\eclipse_11919.dll
0x00007ffafd560000 - 0x00007ffafd6f7000 	C:\WINDOWS\System32\ole32.dll
0x00007ffaea370000 - 0x00007ffaea37a000 	C:\Users\manuc\.vscode\extensions\redhat.java-1.55.2026051309-win32-x64\jre\21.0.10-win32-x86_64\bin\management.dll
0x00007ffae9f70000 - 0x00007ffae9f7c000 	C:\Users\manuc\.vscode\extensions\redhat.java-1.55.2026051309-win32-x64\jre\21.0.10-win32-x86_64\bin\management_ext.dll
0x00007ffaff110000 - 0x00007ffaff118000 	C:\WINDOWS\System32\PSAPI.DLL
0x00007ffafb7f0000 - 0x00007ffafb80b000 	C:\WINDOWS\SYSTEM32\CRYPTSP.dll
0x00007ffafaed0000 - 0x00007ffafaf09000 	C:\WINDOWS\system32\rsaenh.dll
0x00007ffafb5a0000 - 0x00007ffafb5d3000 	C:\WINDOWS\SYSTEM32\USERENV.dll
0x00007ffafc100000 - 0x00007ffafc12a000 	C:\WINDOWS\SYSTEM32\bcrypt.dll
0x00007ffafb810000 - 0x00007ffafb81c000 	C:\WINDOWS\SYSTEM32\CRYPTBASE.dll
0x00007ffafa950000 - 0x00007ffafa982000 	C:\WINDOWS\SYSTEM32\IPHLPAPI.DLL
0x00007ffaff720000 - 0x00007ffaff72a000 	C:\WINDOWS\System32\NSI.dll
0x00007ffaba6e0000 - 0x00007ffaba729000 	C:\Users\manuc\AppData\Local\Temp\jna-103662952\jna16718382794827248410.dll
0x00007ffaf3120000 - 0x00007ffaf313d000 	C:\WINDOWS\SYSTEM32\dhcpcsvc6.DLL
0x00007ffaf30e0000 - 0x00007ffaf3105000 	C:\WINDOWS\SYSTEM32\dhcpcsvc.DLL
0x00007ffae74b0000 - 0x00007ffae74be000 	C:\Users\manuc\.vscode\extensions\redhat.java-1.55.2026051309-win32-x64\jre\21.0.10-win32-x86_64\bin\sunmscapi.dll
0x00007ffafc370000 - 0x00007ffafc4e8000 	C:\WINDOWS\System32\CRYPT32.dll
0x00007ffafbaa0000 - 0x00007ffafbad0000 	C:\WINDOWS\SYSTEM32\ncrypt.dll
0x00007ffafba50000 - 0x00007ffafba8f000 	C:\WINDOWS\SYSTEM32\NTASN1.dll
0x00007ffafa990000 - 0x00007ffafaac2000 	C:\WINDOWS\SYSTEM32\DNSAPI.dll
0x00007ffaf1a90000 - 0x00007ffaf1a9b000 	C:\Windows\System32\rasadhlp.dll
0x00007ffaf34b0000 - 0x00007ffaf3536000 	C:\WINDOWS\System32\fwpuclnt.dll
0x00007ffae74a0000 - 0x00007ffae74a9000 	C:\Users\manuc\.vscode\extensions\redhat.java-1.55.2026051309-win32-x64\jre\21.0.10-win32-x86_64\bin\extnet.dll
0x00007ffad09c0000 - 0x00007ffad09c8000 	C:\WINDOWS\system32\wshunix.dll

JVMTI agents:
c:\Users\manuc\.vscode\extensions\redhat.java-1.55.2026051309-win32-x64\lombok\lombok-1.18.39-4050.jar path:c:\Users\manuc\.vscode\extensions\redhat.java-1.55.2026051309-win32-x64\jre\21.0.10-win32-x86_64\bin\instrument.dll, loaded, initialized, instrumentlib options:none

dbghelp: loaded successfully - version: 4.0.5 - missing functions: none
symbol engine: initialized successfully - sym options: 0x614 - pdb path: .;c:\Users\manuc\.vscode\extensions\redhat.java-1.55.2026051309-win32-x64\jre\21.0.10-win32-x86_64\bin;C:\WINDOWS\SYSTEM32;C:\WINDOWS\WinSxS\amd64_microsoft.windows.common-controls_6595b64144ccf1df_6.0.26100.8457_none_3e0b2faee331e92d;c:\Users\manuc\.vscode\extensions\redhat.java-1.55.2026051309-win32-x64\jre\21.0.10-win32-x86_64\bin\server;C:\Users\manuc\AppData\Roaming\Code\User\globalStorage\redhat.java\1.55.2026051309\config_win\org.eclipse.equinox.launcher\org.eclipse.equinox.launcher.win32.win32.x86_64_1.3.0.v20260203-2149;C:\Users\manuc\AppData\Local\Temp\jna-103662952

VM Arguments:
jvm_args: --add-modules=ALL-SYSTEM --add-opens=java.base/java.util=ALL-UNNAMED --add-opens=java.base/java.lang=ALL-UNNAMED --add-opens=java.base/sun.nio.fs=ALL-UNNAMED -Declipse.application=org.eclipse.jdt.ls.core.id1 -Dosgi.bundles.defaultStartLevel=4 -Declipse.product=org.eclipse.jdt.ls.core.product -Djava.import.generatesMetadataFilesAtProjectRoot=false -DDetectVMInstallationsJob.disabled=true -Dfile.encoding=utf8 -XX:+UseParallelGC -XX:GCTimeRatio=4 -XX:AdaptiveSizePolicyWeight=90 -Dsun.zip.disableMemoryMapping=true -Xmx2G -Xms100m -Xlog:disable -javaagent:c:\Users\manuc\.vscode\extensions\redhat.java-1.55.2026051309-win32-x64\lombok\lombok-1.18.39-4050.jar -XX:+HeapDumpOnOutOfMemoryError -XX:HeapDumpPath=c:\Users\manuc\AppData\Roaming\Code\User\workspaceStorage\3a3657c987979b7bad7eb2c2632ac78d\redhat.java -Daether.dependencyCollector.impl=bf -XX:+UnlockDiagnosticVMOptions -XX:+AllowArchivingWithJavaAgent -XX:+AutoCreateSharedArchive -XX:SharedArchiveFile=c:\Users\manuc\AppData\Roaming\Code\User\globalStorage\redhat.java\1.55.2026051309\jdtls.jsa 
java_command: c:\Users\manuc\.vscode\extensions\redhat.java-1.55.2026051309-win32-x64\server\plugins\org.eclipse.equinox.launcher_1.7.100.v20251111-0406.jar -configuration c:\Users\manuc\AppData\Roaming\Code\User\globalStorage\redhat.java\1.55.2026051309\config_win -data c:\Users\manuc\AppData\Roaming\Code\User\workspaceStorage\3a3657c987979b7bad7eb2c2632ac78d\redhat.java\jdt_ws --pipe=\\.\pipe\lsp-440f7708612985a1eb6c1f88f7959d37-sock
java_class_path (initial): c:\Users\manuc\.vscode\extensions\redhat.java-1.55.2026051309-win32-x64\server\plugins\org.eclipse.equinox.launcher_1.7.100.v20251111-0406.jar
Launcher Type: SUN_STANDARD

[Global flags]
    uintx AdaptiveSizePolicyWeight                 = 90                                        {product} {command line}
     bool AllowArchivingWithJavaAgent              = true                             {JVMCI diagnostic} {command line}
     bool AutoCreateSharedArchive                  = true                                {JVMCI product} {command line}
     intx CICompilerCount                          = 4                                         {product} {ergonomic}
    uintx GCTimeRatio                              = 4                                         {product} {command line}
     bool HeapDumpOnOutOfMemoryError               = true                                   {manageable} {command line}
    ccstr HeapDumpPath                             = c:\Users\manuc\AppData\Roaming\Code\User\workspaceStorage\3a3657c987979b7bad7eb2c2632ac78d\redhat.java         {manageable} {command line}
   size_t InitialHeapSize                          = 104857600                                 {product} {command line}
   size_t MaxHeapSize                              = 2147483648                                {product} {command line}
   size_t MaxNewSize                               = 715653120                                 {product} {ergonomic}
   size_t MinHeapDeltaBytes                        = 524288                                    {product} {ergonomic}
   size_t MinHeapSize                              = 104857600                                 {product} {command line}
   size_t NewSize                                  = 34603008                                  {product} {ergonomic}
    uintx NonNMethodCodeHeapSize                   = 5839372                                {pd product} {ergonomic}
    uintx NonProfiledCodeHeapSize                  = 122909434                              {pd product} {ergonomic}
   size_t OldSize                                  = 70254592                                  {product} {ergonomic}
    uintx ProfiledCodeHeapSize                     = 122909434                              {pd product} {ergonomic}
    uintx ReservedCodeCacheSize                    = 251658240                              {pd product} {ergonomic}
     bool SegmentedCodeCache                       = true                                      {product} {ergonomic}
    ccstr SharedArchiveFile                        =                                     {JVMCI product} {command line}
   size_t SoftMaxHeapSize                          = 2147483648                             {manageable} {ergonomic}
     bool UnlockDiagnosticVMOptions                = true                                   {diagnostic} {command line}
     bool UseCompressedOops                        = true                           {product lp64_product} {ergonomic}
     bool UseLargePagesIndividualAllocation        = false                                  {pd product} {ergonomic}
     bool UseParallelGC                            = true                                      {product} {command line}

Logging:
Log output configuration:
 #0: stdout all=off uptime,level,tags foldmultilines=false
 #1: stderr all=off uptime,level,tags foldmultilines=false

Release file:
JAVA_VERSION="21.0.10" 
MODULES="java.base java.compiler java.datatransfer java.xml java.prefs java.desktop java.instrument java.logging java.management java.security.sasl java.naming java.rmi java.management.rmi java.net.http java.scripting java.security.jgss java.transaction.xa java.sql java.sql.rowset java.xml.crypto java.se java.smartcardio jdk.accessibility jdk.internal.jvmstat jdk.attach jdk.charsets jdk.internal.opt jdk.zipfs jdk.compiler jdk.crypto.ec jdk.crypto.cryptoki jdk.crypto.mscapi jdk.dynalink jdk.internal.ed jdk.editpad jdk.hotspot.agent jdk.httpserver jdk.internal.le jdk.internal.vm.ci jdk.internal.vm.compiler jdk.internal.vm.compiler.management jdk.jartool jdk.javadoc jdk.jcmd jdk.management jdk.management.agent jdk.jconsole jdk.jdeps jdk.jdwp.agent jdk.jdi jdk.jfr jdk.jshell jdk.jsobject jdk.jstatd jdk.localedata jdk.management.jfr jdk.naming.dns jdk.naming.rmi jdk.net jdk.nio.mapmode jdk.random jdk.sctp jdk.security.auth jdk.security.jgss jdk.unsupported jdk.unsupported.desktop jdk.xml.dom" 

Environment Variables:
PATH=C:\Users\manuc\AppData\Local\Programs\Microsoft VS Code;C:\Program Files\Common Files\Oracle\Java\javapath;C:\Windows\system32;C:\Windows;C:\Windows\System32\Wbem;C:\Windows\System32\WindowsPowerShell\v1.0\;C:\Windows\System32\OpenSSH\;C:\Program Files (x86)\NVIDIA Corporation\PhysX\Common;C:\Program Files\NVIDIA Corporation\NVIDIA NvDLISR;C:\Program Files\Git\cmd;C:\WINDOWS\system32;C:\WINDOWS;C:\WINDOWS\System32\Wbem;C:\WINDOWS\System32\WindowsPowerShell\v1.0\;C:\WINDOWS\System32\OpenSSH\;C:\Program Files (x86)\Microsoft SQL Server\160\Tools\Binn\;C:\Program Files\Microsoft SQL Server\160\Tools\Binn\;C:\Program Files\Microsoft SQL Server\Client SDK\ODBC\170\Tools\Binn\;C:\Program Files\Microsoft SQL Server\160\DTS\Binn\;C:\Program Files (x86)\Microsoft SQL Server\160\DTS\Binn\;C:\Users\manuc\OneDrive\Documentos\QUINTO SEMESTRE\Apps Empresariales\Proyecto\plataforma-capacitacion\plataforma-capacitacion\plataforma-capacitacion\gradle-9.1.0-all\gradle-9.1.0\bin;C:\Users\manuc\OneDrive\Documentos\QUINTO SEMESTRE\Apps Empresariales\Proyecto\plataforma-capacitacion\plataforma-capacitacion\plataforma-capacitacion\gradle-9.1.0-all\gradle-9.1.0\bin;C:\Users\manuc\OneDrive\Documentos\QUINTO SEMESTRE\Apps Empresariales\Proyecto\plataforma-capacitacion\plataforma-capacitacion\plataforma-capacitacion\gradle-9.1.0-all\gradle-9.1.0\bin;C:\Program Files\nodejs\;C:\Program Files\Docker\Docker\resources\bin;C:\Users\manuc\scoop\shims;C:\Users\manuc\AppData\Local\Programs\Python\Python313\Scripts\;C:\Users\manuc\AppData\Local\Programs\Python\Python313\;C:\Users\manuc\AppData\Local\Programs\Python\Launcher\;C:\Users\manuc\AppData\Local\Microsoft\WindowsApps;C:\Users\manuc\AppData\Local\Programs\Microsoft VS Code\bin;C:\Program Files\Azure Data Studio\bin;C:\Users\manuc\AppData\Roaming\npm;C:\xampp\php;C:\Users\manuc\AppData\Local\ComposerSetup\bin;C:\Users\manuc\AppData\Roaming\Composer\vendor\bin
USERNAME=manuc
OS=Windows_NT
PROCESSOR_IDENTIFIER=Intel64 Family 6 Model 154 Stepping 3, GenuineIntel
TMP=C:\Users\manuc\AppData\Local\Temp
TEMP=C:\Users\manuc\AppData\Local\Temp




Periodic native trim disabled

---------------  S Y S T E M  ---------------

OS:
 Windows 11 , 64 bit Build 26100 (10.0.26100.8328)
OS uptime: 6 days 14:04 hours
Hyper-V role detected

CPU: total 12 (initial active 12) (6 cores per cpu, 2 threads per core) family 6 model 154 stepping 3 microcode 0x435, cx8, cmov, fxsr, ht, mmx, 3dnowpref, sse, sse2, sse3, ssse3, sse4.1, sse4.2, popcnt, lzcnt, tsc, tscinvbit, avx, avx2, aes, erms, clmul, bmi1, bmi2, adx, sha, fma, vzeroupper, clflush, clflushopt, clwb, hv, serialize, rdtscp, rdpid, fsrm, f16c, cet_ibt, cet_ss
Processor Information for processor 0
  Max Mhz: 2000, Current Mhz: 2000, Mhz Limit: 2000
Processor Information for processor 1
  Max Mhz: 2000, Current Mhz: 2000, Mhz Limit: 2000
Processor Information for processor 2
  Max Mhz: 2000, Current Mhz: 2000, Mhz Limit: 2000
Processor Information for processor 3
  Max Mhz: 2000, Current Mhz: 2000, Mhz Limit: 2000
Processor Information for processor 4
  Max Mhz: 2000, Current Mhz: 2000, Mhz Limit: 2000
Processor Information for processor 5
  Max Mhz: 2000, Current Mhz: 2000, Mhz Limit: 2000
Processor Information for processor 6
  Max Mhz: 2000, Current Mhz: 2000, Mhz Limit: 2000
Processor Information for processor 7
  Max Mhz: 2000, Current Mhz: 2000, Mhz Limit: 2000
Processor Information for processor 8
  Max Mhz: 2000, Current Mhz: 1500, Mhz Limit: 1500
Processor Information for processor 9
  Max Mhz: 2000, Current Mhz: 1500, Mhz Limit: 1500
Processor Information for processor 10
  Max Mhz: 2000, Current Mhz: 1500, Mhz Limit: 1500
Processor Information for processor 11
  Max Mhz: 2000, Current Mhz: 1500, Mhz Limit: 1500

Memory: 4k page, system-wide physical 7917M (886M free)
TotalPageFile size 23653M (AvailPageFile size 335M)
current process WorkingSet (physical memory assigned to process): 10M, peak: 852M
current process commit charge ("private bytes"): 906M, peak: 914M

vm_info: OpenJDK 64-Bit Server VM (21.0.10+7-LTS) for windows-amd64 JRE (21.0.10+7-LTS), built on 2026-01-20T00:00:00Z by "admin" with MS VC++ 17.12 (VS2022)

END.
